------------------------------------------------------------
TimeQuest Timing Analyzer Summary
------------------------------------------------------------

Type  : Slow 1100mV 85C Model Setup 'clock'
Slack : 5.146
TNS   : 0.000

Type  : Slow 1100mV 85C Model Hold 'clock'
Slack : 0.267
TNS   : 0.000

Type  : Slow 1100mV 85C Model Minimum Pulse Width 'clock'
Slack : 8.597
TNS   : 0.000

Type  : Slow 1100mV 0C Model Setup 'clock'
Slack : 5.146
TNS   : 0.000

Type  : Slow 1100mV 0C Model Hold 'clock'
Slack : 0.250
TNS   : 0.000

Type  : Slow 1100mV 0C Model Minimum Pulse Width 'clock'
Slack : 8.600
TNS   : 0.000

Type  : Fast 1100mV 85C Model Setup 'clock'
Slack : 6.410
TNS   : 0.000

Type  : Fast 1100mV 85C Model Hold 'clock'
Slack : 0.160
TNS   : 0.000

Type  : Fast 1100mV 85C Model Minimum Pulse Width 'clock'
Slack : 8.219
TNS   : 0.000

Type  : Fast 1100mV 0C Model Setup 'clock'
Slack : 6.533
TNS   : 0.000

Type  : Fast 1100mV 0C Model Hold 'clock'
Slack : 0.145
TNS   : 0.000

Type  : Fast 1100mV 0C Model Minimum Pulse Width 'clock'
Slack : 8.193
TNS   : 0.000

------------------------------------------------------------
