------------------------------------------------------------
TimeQuest Timing Analyzer Summary
------------------------------------------------------------

Type  : Slow 1100mV 85C Model Setup 'clock'
Slack : 5.847
TNS   : 0.000

Type  : Slow 1100mV 85C Model Hold 'clock'
Slack : 0.371
TNS   : 0.000

Type  : Slow 1100mV 85C Model Minimum Pulse Width 'clock'
Slack : 8.594
TNS   : 0.000

Type  : Slow 1100mV 0C Model Setup 'clock'
Slack : 5.805
TNS   : 0.000

Type  : Slow 1100mV 0C Model Hold 'clock'
Slack : 0.365
TNS   : 0.000

Type  : Slow 1100mV 0C Model Minimum Pulse Width 'clock'
Slack : 8.597
TNS   : 0.000

Type  : Fast 1100mV 85C Model Setup 'clock'
Slack : 6.829
TNS   : 0.000

Type  : Fast 1100mV 85C Model Hold 'clock'
Slack : 0.202
TNS   : 0.000

Type  : Fast 1100mV 85C Model Minimum Pulse Width 'clock'
Slack : 8.219
TNS   : 0.000

Type  : Fast 1100mV 0C Model Setup 'clock'
Slack : 6.911
TNS   : 0.000

Type  : Fast 1100mV 0C Model Hold 'clock'
Slack : 0.185
TNS   : 0.000

Type  : Fast 1100mV 0C Model Minimum Pulse Width 'clock'
Slack : 8.192
TNS   : 0.000

------------------------------------------------------------
